[backblue.gif]
[fade.gif]
[index.html]
[galaxyanalytics.net/demos/psycology/img/favicon.ico]
[galaxyanalytics.net/demos/psycology/img/logo.png]
[galaxyanalytics.net/demos/psycology/img/main-banner.jpg]
[galaxyanalytics.net/demos/psycology/img/main-banner2.jpg]
[galaxyanalytics.net/demos/psycology/img/main-banner3.jpg]
[galaxyanalytics.net/demos/psycology/img/tumb-img1.jpg]
[galaxyanalytics.net/demos/psycology/img/tumb-img3.jpg]
[galaxyanalytics.net/demos/psycology/img/tumb-img4.jpg]
[galaxyanalytics.net/demos/psycology/img/tumb-img5.jpg]
[galaxyanalytics.net/demos/psycology/img/persone-bg.jpg]
[galaxyanalytics.net/demos/psycology/img/banner-persone.png]
[galaxyanalytics.net/demos/psycology/img/about-us-img.jpg]
[galaxyanalytics.net/demos/psycology/img/about-us-img2.jpg]
[galaxyanalytics.net/demos/psycology/img/persone-img.jpg]
[galaxyanalytics.net/demos/psycology/img/persone-img2.jpg]
[galaxyanalytics.net/demos/psycology/img/persone-img3.jpg]
[galaxyanalytics.net/demos/psycology/img/banner-img.jpg]
[galaxyanalytics.net/demos/psycology/img/tumb-img2.jpg]
[galaxyanalytics.net/demos/psycology/img/news-image.jpg]
[galaxyanalytics.net/demos/psycology/img/news-image2.jpg]
[galaxyanalytics.net/demos/psycology/img/bg-layer.jpg]
[galaxyanalytics.net/demos/psycology/img/footer-logo.png]
[galaxyanalytics.net/demos/psycology/img/location-icon.png]
[galaxyanalytics.net/demos/psycology/js/jquery.min.js]
[galaxyanalytics.net/demos/psycology/js/swiper.jquery.min.js]
[galaxyanalytics.net/demos/psycology/js/SmoothScroll.js]
[galaxyanalytics.net/demos/psycology/js/jquery.sumoselect.min.js]
[galaxyanalytics.net/demos/psycology/js/simple-lightbox.min.js]
[galaxyanalytics.net/demos/psycology/js/global.js]
[galaxyanalytics.net/demos/psycology/index.html]
[galaxyanalytics.net/demos/psycology/css/bootstrap.min.css]
[galaxyanalytics.net/demos/psycology/css/swiper.css]
[galaxyanalytics.net/demos/psycology/css/sumoselect.css]
[galaxyanalytics.net/demos/psycology/fonts/fontawesome-webfont5b62.eot]
[galaxyanalytics.net/demos/psycology/fonts/fontawesome-webfontd41d.eot]
[galaxyanalytics.net/demos/psycology/fonts/fontawesome-webfont5b62.woff2]
[galaxyanalytics.net/demos/psycology/fonts/fontawesome-webfont5b62.woff]
[galaxyanalytics.net/demos/psycology/fonts/fontawesome-webfont5b62.ttf]
[galaxyanalytics.net/demos/psycology/css/font-awesome.min.css]
[galaxyanalytics.net/demos/psycology/fonts/Flaticon.eot]
[galaxyanalytics.net/demos/psycology/fonts/Flaticon.woff]
[galaxyanalytics.net/demos/psycology/fonts/Flaticon.ttf]
[galaxyanalytics.net/demos/psycology/fonts/Flaticond41d.eot]
[galaxyanalytics.net/demos/psycology/fonts/Flaticon1.eot]
[galaxyanalytics.net/demos/psycology/fonts/Flaticon1.woff]
[galaxyanalytics.net/demos/psycology/fonts/Flaticon1.ttf]
[galaxyanalytics.net/demos/psycology/fonts/Flaticon1d41d.eot]
[galaxyanalytics.net/demos/psycology/fonts/Flaticon2.eot]
[galaxyanalytics.net/demos/psycology/fonts/Flaticon2.woff]
[galaxyanalytics.net/demos/psycology/fonts/Flaticon2.ttf]
[galaxyanalytics.net/demos/psycology/fonts/Flaticon2d41d.eot]
[galaxyanalytics.net/demos/psycology/fonts/Flaticon3.eot]
[galaxyanalytics.net/demos/psycology/fonts/Flaticon3.woff]
[galaxyanalytics.net/demos/psycology/fonts/Flaticon3d41d.eot]
[galaxyanalytics.net/demos/psycology/fonts/Flaticon3.ttf]
[galaxyanalytics.net/demos/psycology/fonts/Flaticon4.eot]
[galaxyanalytics.net/demos/psycology/fonts/Flaticon4.woff]
[galaxyanalytics.net/demos/psycology/fonts/Flaticon4.ttf]
[galaxyanalytics.net/demos/psycology/fonts/Flaticon4d41d.eot]
[galaxyanalytics.net/demos/psycology/css/flaticon.css]
[galaxyanalytics.net/demos/psycology/img/list-check.png]
[galaxyanalytics.net/demos/psycology/img/icon-6.png]
[galaxyanalytics.net/demos/psycology/img/sumo-arrow.png]
[galaxyanalytics.net/demos/psycology/img/menu-bg.png]
[galaxyanalytics.net/demos/psycology/img/homepage2/arrow.png]
[galaxyanalytics.net/demos/psycology/img/homepage2/aboutus.jpg]
[galaxyanalytics.net/demos/psycology/img/homepage2/whyus.jpg]
[galaxyanalytics.net/demos/psycology/img/homepage3/aboutus.jpg]
[galaxyanalytics.net/demos/psycology/img/homepage3/arrow.png]
[galaxyanalytics.net/demos/psycology/img/homepage3/blue_bg.jpg]
[galaxyanalytics.net/demos/psycology/img/homepage3/team3.jpg]
[galaxyanalytics.net/demos/psycology/img/homepage3/query_bg.jpg]
[galaxyanalytics.net/demos/psycology/img/homepage4/service_bg.jpg]
[galaxyanalytics.net/demos/psycology/img/homepage4/onlineappoint.jpg]
[galaxyanalytics.net/demos/psycology/img/homepage4/newsletter.jpg]
[galaxyanalytics.net/demos/psycology/img/homepage5/need_bg.jpg]
[galaxyanalytics.net/demos/psycology/img/homepage5/success_bg.jpg]
[galaxyanalytics.net/demos/psycology/css/style.css]
[galaxyanalytics.net/demos/psycology/index-2.html]
[galaxyanalytics.net/demos/psycology/img/logo1.png]
[galaxyanalytics.net/demos/psycology/img/slide1.jpg]
[galaxyanalytics.net/demos/psycology/img/homepage2/welcome-img.jpg]
[galaxyanalytics.net/demos/psycology/img/homepage2/ser1.jpg]
[galaxyanalytics.net/demos/psycology/img/homepage2/ser2.jpg]
[galaxyanalytics.net/demos/psycology/img/homepage2/ser3.jpg]
[galaxyanalytics.net/demos/psycology/img/homepage2/ser4.jpg]
[galaxyanalytics.net/demos/psycology/img/homepage2/ser5.jpg]
[galaxyanalytics.net/demos/psycology/img/homepage2/ser6.jpg]
[galaxyanalytics.net/demos/psycology/img/homepage2/ser7.jpg]
[galaxyanalytics.net/demos/psycology/img/homepage2/ser8.jpg]
[galaxyanalytics.net/demos/psycology/img/homepage2/ourstory.jpg]
[galaxyanalytics.net/demos/psycology/img/homepage2/client-logo1.png]
[galaxyanalytics.net/demos/psycology/img/homepage2/client-logo2.png]
[galaxyanalytics.net/demos/psycology/img/homepage2/client-logo3.png]
[galaxyanalytics.net/demos/psycology/img/homepage2/client-logo4.png]
[galaxyanalytics.net/demos/psycology/img/homepage2/client-logo5.png]
[galaxyanalytics.net/demos/psycology/img/homepage2/client-logo6.png]
[galaxyanalytics.net/demos/psycology/owlcarousel/owl.carousel.js]
[galaxyanalytics.net/demos/psycology/index-3.html]
[galaxyanalytics.net/demos/psycology/img/homepage3/logo3.png]
[galaxyanalytics.net/demos/psycology/img/homepage3/slider1.jpg]
[galaxyanalytics.net/demos/psycology/img/homepage3/welcome.png]
[galaxyanalytics.net/demos/psycology/img/homepage3/testicon.png]
[galaxyanalytics.net/demos/psycology/img/homepage3/test1.jpg]
[galaxyanalytics.net/demos/psycology/img/homepage3/test3.png]
[galaxyanalytics.net/demos/psycology/img/homepage3/test2.jpg]
[galaxyanalytics.net/demos/psycology/js/bootstrap.min.js]
[galaxyanalytics.net/demos/psycology/index-4.html]
[galaxyanalytics.net/demos/psycology/img/homepage4/slide1.jpg]
[galaxyanalytics.net/demos/psycology/img/homepage4/vedioimg.jpg]
[galaxyanalytics.net/demos/psycology/img/homepage4/about1.jpg]
[galaxyanalytics.net/demos/psycology/img/homepage4/about.jpg]
[galaxyanalytics.net/demos/psycology/img/customer-img.jpg]
[galaxyanalytics.net/demos/psycology/img/customer-img2.jpg]
[galaxyanalytics.net/demos/psycology/img/customer-img3.jpg]
[galaxyanalytics.net/demos/psycology/index-5.html]
[galaxyanalytics.net/demos/psycology/img/homepage5/slide1.jpg]
[galaxyanalytics.net/demos/psycology/img/homepage5/psychologist.png]
[galaxyanalytics.net/demos/psycology/img/homepage5/psign.png]
[galaxyanalytics.net/demos/psycology/img/homepage5/service1.jpg]
[galaxyanalytics.net/demos/psycology/img/homepage5/service2.jpg]
[galaxyanalytics.net/demos/psycology/img/homepage5/service3.jpg]
[galaxyanalytics.net/demos/psycology/img/homepage5/service4.jpg]
[galaxyanalytics.net/demos/psycology/img/homepage5/vedio.jpg]
[galaxyanalytics.net/demos/psycology/index-6.html]
[galaxyanalytics.net/demos/psycology/img/banner-img2.jpg]
[galaxyanalytics.net/demos/psycology/img/tumb-img6.jpg]
[galaxyanalytics.net/demos/psycology/img/tumb-img7.jpg]
[galaxyanalytics.net/demos/psycology/img/tumb-img8.jpg]
[galaxyanalytics.net/demos/psycology/img/tumb-img9.jpg]
[galaxyanalytics.net/demos/psycology/img/bg-layer2.jpg]
[galaxyanalytics.net/demos/psycology/services.html]
[galaxyanalytics.net/demos/psycology/img/stress-img.jpg]
[galaxyanalytics.net/demos/psycology/img/stress-img2.jpg]
[galaxyanalytics.net/demos/psycology/img/stress-img3.jpg]
[galaxyanalytics.net/demos/psycology/stress-management.html]
[galaxyanalytics.net/demos/psycology/img/depression-img.jpg]
[galaxyanalytics.net/demos/psycology/img/depression-img2.jpg]
[galaxyanalytics.net/demos/psycology/img/depression-img3.jpg]
[galaxyanalytics.net/demos/psycology/depression-treatment.html]
[galaxyanalytics.net/demos/psycology/img/services-img.jpg]
[galaxyanalytics.net/demos/psycology/img/article-img.jpg]
[galaxyanalytics.net/demos/psycology/couple-counselling.html]
[galaxyanalytics.net/demos/psycology/img/anxiety-img.jpg]
[galaxyanalytics.net/demos/psycology/img/anxiety-img2.jpg]
[galaxyanalytics.net/demos/psycology/img/anxiety-img3.jpg]
[galaxyanalytics.net/demos/psycology/anxiety-treatment.html]
[galaxyanalytics.net/demos/psycology/img/elderly-img.jpg]
[galaxyanalytics.net/demos/psycology/img/elderly-img2.jpg]
[galaxyanalytics.net/demos/psycology/img/elderly-img3.jpg]
[galaxyanalytics.net/demos/psycology/elderly-issues.html]
[galaxyanalytics.net/demos/psycology/img/children-img.jpg]
[galaxyanalytics.net/demos/psycology/img/children-img2.jpg]
[galaxyanalytics.net/demos/psycology/img/children-img3.jpg]
[galaxyanalytics.net/demos/psycology/therapy-for-children.html]
[galaxyanalytics.net/demos/psycology/img/family-img.jpg]
[galaxyanalytics.net/demos/psycology/img/family-img2.jpg]
[galaxyanalytics.net/demos/psycology/family-psycology.html]
[galaxyanalytics.net/demos/psycology/img/gruop-img.jpg]
[galaxyanalytics.net/demos/psycology/img/gruop-img2.jpg]
[galaxyanalytics.net/demos/psycology/img/gruop-img3.jpg]
[galaxyanalytics.net/demos/psycology/gruop-therapy.html]
[galaxyanalytics.net/demos/psycology/img/about-us-img3.jpg]
[galaxyanalytics.net/demos/psycology/img/about-us-img4.jpg]
[galaxyanalytics.net/demos/psycology/img/persone-bg2.jpg]
[galaxyanalytics.net/demos/psycology/img/autograph.png]
[galaxyanalytics.net/demos/psycology/about-us.html]
[galaxyanalytics.net/demos/psycology/img/persone-img9.jpg]
[galaxyanalytics.net/demos/psycology/img/persone-img10.jpg]
[galaxyanalytics.net/demos/psycology/img/persone-img11.jpg]
[galaxyanalytics.net/demos/psycology/counsellors.html]
[galaxyanalytics.net/demos/psycology/img/gallery-img.jpg]
[galaxyanalytics.net/demos/psycology/img/gallery-img2.jpg]
[galaxyanalytics.net/demos/psycology/img/gallery-img3.jpg]
[galaxyanalytics.net/demos/psycology/img/gallery-img4.jpg]
[galaxyanalytics.net/demos/psycology/img/gallery-img5.jpg]
[galaxyanalytics.net/demos/psycology/img/gallery-img6.jpg]
[galaxyanalytics.net/demos/psycology/img/gallery-img7.jpg]
[galaxyanalytics.net/demos/psycology/img/gallery-img8.jpg]
[galaxyanalytics.net/demos/psycology/img/gallery-img9.jpg]
[galaxyanalytics.net/demos/psycology/gallery.html]
[galaxyanalytics.net/demos/psycology/img/gallery-img10.jpg]
[galaxyanalytics.net/demos/psycology/img/white-logo.png]
[galaxyanalytics.net/demos/psycology/gallery-fluid.html]
[galaxyanalytics.net/demos/psycology/img/404-bg.jpg]
[galaxyanalytics.net/demos/psycology/404.html]
[galaxyanalytics.net/demos/psycology/img/bg-layer3.jpg]
[galaxyanalytics.net/demos/psycology/faq.html]
[galaxyanalytics.net/demos/psycology/img/comming-soon-bg.jpg]
[galaxyanalytics.net/demos/psycology/comming-soon.html]
[galaxyanalytics.net/demos/psycology/img/persone-img4.jpg]
[galaxyanalytics.net/demos/psycology/img/persone-img5.jpg]
[galaxyanalytics.net/demos/psycology/img/persone-img6.jpg]
[galaxyanalytics.net/demos/psycology/img/persone-img7.jpg]
[galaxyanalytics.net/demos/psycology/img/persone-img8.jpg]
[galaxyanalytics.net/demos/psycology/testimonials.html]
[galaxyanalytics.net/demos/psycology/img/blog-img.jpg]
[galaxyanalytics.net/demos/psycology/img/blog-img2.jpg]
[galaxyanalytics.net/demos/psycology/img/blog-img3.jpg]
[galaxyanalytics.net/demos/psycology/img/blog-img4.jpg]
[galaxyanalytics.net/demos/psycology/img/blog-img5.jpg]
[galaxyanalytics.net/demos/psycology/blog.html]
[galaxyanalytics.net/demos/psycology/img/comment-img.jpg]
[galaxyanalytics.net/demos/psycology/img/comment-img2.jpg]
[galaxyanalytics.net/demos/psycology/img/comment-img3.jpg]
[galaxyanalytics.net/demos/psycology/img/comment-img4.jpg]
[galaxyanalytics.net/demos/psycology/img/comment-img5.jpg]
[galaxyanalytics.net/demos/psycology/blog-details.html]
[galaxyanalytics.net/demos/psycology/img/location-icon-white.png]
[galaxyanalytics.net/demos/psycology/js/map.js]
[galaxyanalytics.net/demos/psycology/contacts.html]
[galaxyanalytics.net/demos/psycology/fonts/glyphicons-halflings-regular.html]
[galaxyanalytics.net/demos/psycology/fonts/glyphicons-halflings-regulard41d.html]
[galaxyanalytics.net/demos/psycology/fonts/glyphicons-halflings-regular-2.html]
[galaxyanalytics.net/demos/psycology/fonts/glyphicons-halflings-regular-3.html]
[galaxyanalytics.net/demos/psycology/fonts/glyphicons-halflings-regular-4.html]
[galaxyanalytics.net/demos/psycology/fonts/glyphicons-halflings-regular-5.html]
[galaxyanalytics.net/demos/psycology/fonts/fontawesome-webfont5b62.svg]
[galaxyanalytics.net/demos/psycology/fonts/Flaticon.svg]
[galaxyanalytics.net/demos/psycology/css/Flaticon.html]
[galaxyanalytics.net/demos/psycology/fonts/Flaticon1.svg]
[galaxyanalytics.net/demos/psycology/css//fonts/Flaticon1.html]
[galaxyanalytics.net/demos/psycology/fonts/Flaticon2.svg]
[galaxyanalytics.net/demos/psycology/css//fonts/Flaticon2.html]
[galaxyanalytics.net/demos/psycology/fonts/Flaticon3.svg]
[galaxyanalytics.net/demos/psycology/css//fonts/Flaticon3.html]
[galaxyanalytics.net/demos/psycology/fonts/Flaticon4.svg]
[galaxyanalytics.net/demos/psycology/css//fonts/Flaticon4.html]
[galaxyanalytics.net/demos/psycology/img/icon-1.html]
[galaxyanalytics.net/demos/psycology/owlcarousel/assets/owl.video.play.png]
[galaxyanalytics.net/demos/psycology/owlcarousel/assets/owl.carousel.min.css]
[galaxyanalytics.net/demos/psycology/Stroke-Gap-Icons-Webfont/fonts/Stroke-Gap-Icons.eot]
[galaxyanalytics.net/demos/psycology/Stroke-Gap-Icons-Webfont/style.css]
